[2026-08-07 20:45:38] exp_012 model zoo 启动。结果目录: d:\google_dl\book\友安杯\04_results\exp_012_model_zoo
[2026-08-07 20:45:38] [Stage A] 动物 lgbm_xendcg (lgbm_xendcg, legacy_328, rounds=16)
[2026-08-07 20:45:55]   fold_1: anchor=0.112031 incumbent_Δ(w0.30)=+0.001073
[2026-08-07 20:46:09]   fold_2: anchor=0.097117 incumbent_Δ(w0.30)=+0.000971
[2026-08-07 20:46:09]   [筛选] 最佳Δ=-0.002341 (w=0.25) 两折=['-0.003441', '-0.001242'] 在任专家Δ=+0.001022 -> 不通过
[2026-08-07 20:46:09] [Stage A] 动物 lgbm_cat337 (lgbm_lambdarank, legacy_328_cats, rounds=16)
[2026-08-07 20:46:32]   fold_1: anchor=0.112031 incumbent_Δ(w0.30)=+0.001073
[2026-08-07 20:46:55]   fold_2: anchor=0.097117 incumbent_Δ(w0.30)=+0.000971
[2026-08-07 20:46:55]   [筛选] 最佳Δ=+0.001307 (w=0.35) 两折=['+0.001015', '+0.001600'] 在任专家Δ=+0.001022 -> 通过
[2026-08-07 20:46:55] [Stage A] 动物 catboost_yetirank (catboost, legacy_328, rounds=120)
[2026-08-07 20:50:43]   fold_1: anchor=0.112031 incumbent_Δ(w0.30)=+0.001073
[2026-08-07 20:55:24]   fold_2: anchor=0.097117 incumbent_Δ(w0.30)=+0.000971
[2026-08-07 20:55:24]   [筛选] 最佳Δ=+0.007512 (w=0.35) 两折=['+0.007676', '+0.007349'] 在任专家Δ=+0.001022 -> 通过
[2026-08-07 20:55:24] [Stage B] 动物 lgbm_cat337 确认（w=0.35）
[2026-08-07 20:56:34]   影子: anchor=0.084882 动物融合=0.085601 Δ=+0.000719 (在任 Δ=+0.000747)
[2026-08-07 20:57:46]   官方Valid: anchor=0.092749 动物融合=0.093504 Δ=+0.000754
[2026-08-07 20:59:10]   Test 分量已保存；与正式锚点截面秩相关=0.8663
[2026-08-07 20:59:10] [Stage B] 动物 catboost_yetirank 确认（w=0.35）
[2026-08-07 21:14:16]   影子: anchor=0.084882 动物融合=0.088906 Δ=+0.004024 (在任 Δ=+0.000747)
[2026-08-07 21:29:53]   官方Valid: anchor=0.092749 动物融合=0.097090 Δ=+0.004341
[2026-08-07 21:46:04]   Test 分量已保存；与正式锚点截面秩相关=0.8798
[2026-08-07 21:46:04] 完成，总耗时 3625.4s。
