[2026-08-07 11:40:51] exp_011 主流程启动。实验目录: D:\google_dl\book\友安杯\02_experiments\exp_011_stable_anchor_retrain
[2026-08-07 11:40:51] 结果目录: D:\google_dl\book\友安杯\04_results\exp_011_stable_anchor_retrain | 缓存目录: D:\google_dl\book\友安杯\04_results\exp_011_stable_anchor_retrain\runtime_cache
[2026-08-07 11:40:51] 数据契约校验通过（READY / manifest SHA-256 / legacy_328 兼容 / test_mask=2,042,538）。
[2026-08-07 11:40:51] RankIC 自检: {"identity": 0.9999999999999999, "reverse": -0.9999999999999999, "vs_spearmanr": 0.0, "constant_pred": null, "too_few": null, "nan_filter": -1.0, "ties": -0.9629500128629354}
[2026-08-07 11:40:51] 阶段B：训练全历史锚点 [486,2918) r8 s42，预测官方 Valid [2918,3161)。
[2026-08-07 11:40:51] 锚点 Valid RankIC: 0.092940 (期望 0.092940) 复现判定: 通过
[2026-08-07 11:40:51] 阶段C：训练近期专家 [1216,2918) r16 s42，预测 Valid 与 Test。
[2026-08-07 11:40:51] 近期专家 Valid RankIC: 0.089657；与锚点秩相关: 0.8936
[2026-08-07 11:40:51] 阶段D：多随机种子实验（42/2026/3407）。
[2026-08-07 11:40:51]   anchor seed=42 Valid RankIC=0.092940
[2026-08-07 11:40:51]   recent seed=42 Valid RankIC=0.089657
[2026-08-07 11:40:51]   anchor seed=2026 Valid RankIC=0.085842
[2026-08-07 11:40:51]   recent seed=2026 Valid RankIC=0.088566
[2026-08-07 11:40:52]   anchor seed=3407 Valid RankIC=0.091011
[2026-08-07 11:40:52]   recent seed=3407 Valid RankIC=0.081955
[2026-08-07 11:40:52] 锚点3种子集成 Valid RankIC: 0.092749 (std 0.1090)
[2026-08-07 11:40:52] 专家3种子集成 Valid RankIC: 0.088749 (std 0.1090)
[2026-08-07 11:40:52] 阶段E：开发折训练与权重搜索。
[2026-08-07 11:40:53]   fold_1: anchor=0.112031 recent=0.110115
[2026-08-07 11:40:53]   fold_2: anchor=0.097117 recent=0.096467
[2026-08-07 11:40:53] 权重选择: 最佳平均增量=0.001066 -> 选定 recent_weight=0.3
[2026-08-07 11:40:53] 阶段F：影子验证 [2675,2918) 多种子训练。
[2026-08-07 11:40:54] 影子验证(3种子集成): anchor=0.084882 recent=0.086075 blend(w=0.3)=0.085628 增量=+0.000747
[2026-08-07 11:40:54] 影子验证(单种子42): anchor=0.083772 blend=0.085259 增量=+0.001487
[2026-08-07 11:40:54] 阶段G：官方 Valid 一次性检查。
[2026-08-07 11:40:55] 官方Valid(3种子集成): anchor=0.092749 recent=0.088749 blend=0.092727 增量=-0.000022
[2026-08-07 11:40:55] 官方Valid(单种子42): anchor=0.092940 blend=0.093634
[2026-08-07 11:40:55] 多种子集成稳定性判定: False
[2026-08-07 11:40:55] 最终路径官方Valid: anchor=0.092940 blend=0.093634 增量=+0.000694
[2026-08-07 11:40:55] 最终路径影子验证: anchor=0.083772 blend=0.085259 增量=+0.001487
[2026-08-07 11:40:55] 阶段H：重训模拟。
[2026-08-07 11:40:56] 重训模拟: sim1 增量=-0.002168 sim2 增量=+0.008030 平均=+0.002931 -> 未通过
[2026-08-07 11:40:56] 阶段I：特征块消融。
[2026-08-07 11:40:57]   消融 no_rank fold_1: 0.105987 (Δ -0.006044)
[2026-08-07 11:40:57]   消融 no_short_lag fold_1: 0.109599 (Δ -0.002433)
[2026-08-07 11:40:57]   消融 no_long_lag fold_1: 0.108843 (Δ -0.003188)
[2026-08-07 11:40:57]   消融 no_roll_mean fold_1: 0.107627 (Δ -0.004404)
[2026-08-07 11:40:57]   消融 no_roll_std fold_1: 0.104994 (Δ -0.007037)
[2026-08-07 11:40:57]   消融 no_roll_change fold_1: 0.110999 (Δ -0.001032)
[2026-08-07 11:40:57]   消融 no_state fold_1: 0.110217 (Δ -0.001814)
[2026-08-07 11:40:57]   消融 no_rank fold_2: 0.090254 (Δ -0.006863)
[2026-08-07 11:40:58]   消融 no_short_lag fold_2: 0.096102 (Δ -0.001015)
[2026-08-07 11:40:58]   消融 no_long_lag fold_2: 0.093960 (Δ -0.003157)
[2026-08-07 11:40:58]   消融 no_roll_mean fold_2: 0.097131 (Δ +0.000014)
[2026-08-07 11:40:58]   消融 no_roll_std fold_2: 0.093704 (Δ -0.003413)
[2026-08-07 11:40:58]   消融 no_roll_change fold_2: 0.098915 (Δ +0.001797)
[2026-08-07 11:40:58]   消融 no_state fold_2: 0.093638 (Δ -0.003479)
[2026-08-07 11:40:58] 消融完成，共 14 次训练。
[2026-08-07 11:40:58] 阶段J：最终测试预测生成。
[2026-08-07 11:40:59]   重训 seed=42 anchor cached recent cached
[2026-08-07 11:40:59]   重训 seed=2026 anchor cached recent cached
[2026-08-07 11:40:59]   重训 seed=3407 anchor cached recent cached
[2026-08-07 11:41:00] 最终预测: shape=[442, 5282] eval=2042538 sha256=4e5584016b77a8533410dddc2f3bb1c66ee75b0ff23aa92b1dfc20dfd3824863 anchor_corr=0.9352
[2026-08-07 11:41:00] 晋级判定: not_promoted
[2026-08-07 11:41:00] 主流程完成，总耗时 9.5s。
